
> vite_react_shadcn_ts@0.0.0 build
> vite build

[36mvite v5.4.10 [32mbuilding for production...[36m[39m
transforming...
node.exe : Browserslist: browsers data 
(caniuse-lite) is 17 months old. Please run:
At C:\nvm4w\nodejs\npm.ps1:29 char:3
+   & $NODE_EXE $NPM_CLI_JS $args
+   ~~~~~~~~~~~~~~~~~~~~~~~~~~~~~
    + CategoryInfo          : NotSpecified: (Browser 
   slist: b...ld. Please run::String) [], RemoteExc  
  eption
    + FullyQualifiedErrorId : NativeCommandError
 
  npx update-browserslist-db@latest
  Why you should do it regularly: 
https://github.com/browserslist/update-db#readme

[1m[33mwarn[39m[22m - The class 
`ease-[cubic-bezier(0.19,1,0.22,1)]` is ambiguous 
and matches multiple utilities.
[1m[33mwarn[39m[22m - If this is content and not 
a class, replace it with 
`ease-&lsqb;cubic-bezier(0.19,1,0.22,1)&rsqb;` to 
silence this warning.
[32mΓ£ô[39m 23 modules transformed.
[31mx[39m Build failed in 8.39s
[31merror during build:
[31m[vite:esbuild] Transform failed with 1 error:
C:/Users/hojay/source/repos/FleetManageWeb/FleetManag
e.Web/src/pages/ServiceRecordDetailPage.tsx:576:17: 
ERROR: Unexpected ">"[31m
file: [36mC:/Users/hojay/source/repos/FleetManageWeb
/FleetManage.Web/src/pages/ServiceRecordDetailPage.ts
x:576:17[31m
[33m
[33mUnexpected ">"[33m
574|                      
onAfterCreated={fetchDetail}
575|                  />
576|                  />
   |                   ^
577|              )}
578|  
[31m
    at failureErrorWithLog (C:\Users\hojay\source\rep
os\FleetManageWeb\FleetManage.Web\node_modules\esbuil
d\lib\main.js:1472:15)
    at C:\Users\hojay\source\repos\FleetManageWeb\Fle
etManage.Web\node_modules\esbuild\lib\main.js:755:50
    at responseCallbacks.<computed> (C:\Users\hojay\s
ource\repos\FleetManageWeb\FleetManage.Web\node_modul
es\esbuild\lib\main.js:622:9)
    at handleIncomingPacket (C:\Users\hojay\source\re
pos\FleetManageWeb\FleetManage.Web\node_modules\esbui
ld\lib\main.js:677:12)
    at Socket.readFromStdout (C:\Users\hojay\source\r
epos\FleetManageWeb\FleetManage.Web\node_modules\esbu
ild\lib\main.js:600:7)
    at Socket.emit (node:events:524:28)
    at addChunk 
(node:internal/streams/readable:561:12)
    at readableAddChunkPushByteMode 
(node:internal/streams/readable:512:3)
    at Readable.push 
(node:internal/streams/readable:392:5)
    at Pipe.onStreamRead 
(node:internal/stream_base_commons:189:23)[39m
